F:\18_days_18_product\day02_pixelforge\train\train_sr.py:103: FutureWarning: `torch.cuda.amp.GradScaler(args...)` is deprecated. Please use `torch.amp.GradScaler('cuda', args...)` instead.
  scaler = torch.cuda.amp.GradScaler()
[rt_live_x2] psnr {'arch': 'srvgg', 'nf': 16, 'nb': 6, 'gc': 16, 'nconv': 4, 'scale': 2} params=0.01M iters=8000 bs=16
[rt_live_x2] it 200/8000 l1=0.0180 5.6 it/s eta 23 min
[rt_live_x2] it 400/8000 l1=0.0199 7.2 it/s eta 18 min
[rt_live_x2] it 600/8000 l1=0.0187 7.9 it/s eta 16 min
[rt_live_x2] it 800/8000 l1=0.0184 8.2 it/s eta 15 min
[rt_live_x2] it 1000/8000 l1=0.0145 8.5 it/s eta 14 min
[rt_live_x2] VAL it 1000: psnr=32.642 (best, saved)
[rt_live_x2] it 1200/8000 l1=0.0172 8.7 it/s eta 13 min
[rt_live_x2] it 1400/8000 l1=0.0138 8.8 it/s eta 12 min
[rt_live_x2] it 1600/8000 l1=0.0170 8.7 it/s eta 12 min
[rt_live_x2] it 1800/8000 l1=0.0187 8.7 it/s eta 12 min
[rt_live_x2] it 2000/8000 l1=0.0147 8.8 it/s eta 11 min
[rt_live_x2] VAL it 2000: psnr=32.949 (best, saved)
[rt_live_x2] it 2200/8000 l1=0.0187 8.9 it/s eta 11 min
[rt_live_x2] it 2400/8000 l1=0.0166 8.9 it/s eta 10 min
[rt_live_x2] it 2600/8000 l1=0.0175 8.8 it/s eta 10 min
[rt_live_x2] it 2800/8000 l1=0.0196 8.8 it/s eta 10 min
[rt_live_x2] it 3000/8000 l1=0.0140 8.8 it/s eta 9 min
[rt_live_x2] VAL it 3000: psnr=32.967 (best, saved)
[rt_live_x2] it 3200/8000 l1=0.0181 8.8 it/s eta 9 min
[rt_live_x2] it 3400/8000 l1=0.0144 8.8 it/s eta 9 min
[rt_live_x2] it 3600/8000 l1=0.0106 8.8 it/s eta 8 min
[rt_live_x2] it 3800/8000 l1=0.0165 8.8 it/s eta 8 min
[rt_live_x2] it 4000/8000 l1=0.0154 8.8 it/s eta 8 min
[rt_live_x2] VAL it 4000: psnr=32.970 (best, saved)
[rt_live_x2] it 4200/8000 l1=0.0129 8.8 it/s eta 7 min
[rt_live_x2] it 4400/8000 l1=0.0139 8.8 it/s eta 7 min
[rt_live_x2] it 4600/8000 l1=0.0139 8.8 it/s eta 6 min
[rt_live_x2] it 4800/8000 l1=0.0158 8.8 it/s eta 6 min
[rt_live_x2] it 5000/8000 l1=0.0217 8.9 it/s eta 6 min
[rt_live_x2] VAL it 5000: psnr=32.973 (best, saved)
[rt_live_x2] it 5200/8000 l1=0.0144 8.9 it/s eta 5 min
[rt_live_x2] it 5400/8000 l1=0.0155 8.8 it/s eta 5 min
[rt_live_x2] it 5600/8000 l1=0.0149 8.8 it/s eta 5 min
[rt_live_x2] it 5800/8000 l1=0.0181 8.7 it/s eta 4 min
[rt_live_x2] it 6000/8000 l1=0.0173 8.6 it/s eta 4 min
[rt_live_x2] VAL it 6000: psnr=32.976 (best, saved)
[rt_live_x2] it 6200/8000 l1=0.0128 8.6 it/s eta 3 min
[rt_live_x2] it 6400/8000 l1=0.0131 8.6 it/s eta 3 min
[rt_live_x2] it 6600/8000 l1=0.0171 8.6 it/s eta 3 min
[rt_live_x2] it 6800/8000 l1=0.0218 8.6 it/s eta 2 min
[rt_live_x2] it 7000/8000 l1=0.0163 8.6 it/s eta 2 min
[rt_live_x2] VAL it 7000: psnr=32.976 (best, saved)
[rt_live_x2] it 7200/8000 l1=0.0143 8.6 it/s eta 2 min
[rt_live_x2] it 7400/8000 l1=0.0152 8.5 it/s eta 1 min
[rt_live_x2] it 7600/8000 l1=0.0139 8.5 it/s eta 1 min
[rt_live_x2] it 7800/8000 l1=0.0155 8.5 it/s eta 0 min
[rt_live_x2] it 8000/8000 l1=0.0162 8.5 it/s eta 0 min
[rt_live_x2] VAL it 8000: psnr=32.975
[rt_live_x2] done in 15.8 min -> F:\18_days_18_product\day02_pixelforge\models\rt_live_x2.pt
F:\18_days_18_product\day02_pixelforge\train\train_sr.py:103: FutureWarning: `torch.cuda.amp.GradScaler(args...)` is deprecated. Please use `torch.amp.GradScaler('cuda', args...)` instead.
  scaler = torch.cuda.amp.GradScaler()
[rt_lite_x2] psnr {'arch': 'srvgg', 'nf': 8, 'nb': 6, 'gc': 16, 'nconv': 3, 'scale': 2} params=0.00M iters=8000 bs=16
[rt_lite_x2] it 200/8000 l1=0.0184 5.0 it/s eta 26 min
[rt_lite_x2] it 400/8000 l1=0.0203 6.2 it/s eta 21 min
[rt_lite_x2] it 600/8000 l1=0.0193 6.9 it/s eta 18 min
[rt_lite_x2] it 800/8000 l1=0.0193 7.4 it/s eta 16 min
[rt_lite_x2] it 1000/8000 l1=0.0157 7.8 it/s eta 15 min
[rt_lite_x2] VAL it 1000: psnr=32.102 (best, saved)
[rt_lite_x2] it 1200/8000 l1=0.0183 8.0 it/s eta 14 min
[rt_lite_x2] it 1400/8000 l1=0.0145 8.3 it/s eta 13 min
[rt_lite_x2] it 1600/8000 l1=0.0177 8.5 it/s eta 13 min
[rt_lite_x2] it 1800/8000 l1=0.0195 8.6 it/s eta 12 min
[rt_lite_x2] it 2000/8000 l1=0.0150 8.7 it/s eta 11 min
[rt_lite_x2] VAL it 2000: psnr=32.753 (best, saved)
[rt_lite_x2] it 2200/8000 l1=0.0191 8.8 it/s eta 11 min
[rt_lite_x2] it 2400/8000 l1=0.0169 8.9 it/s eta 11 min
[rt_lite_x2] it 2600/8000 l1=0.0178 9.0 it/s eta 10 min
[rt_lite_x2] it 2800/8000 l1=0.0198 9.0 it/s eta 10 min
[rt_lite_x2] it 3000/8000 l1=0.0141 9.1 it/s eta 9 min
[rt_lite_x2] VAL it 3000: psnr=32.895 (best, saved)
[rt_lite_x2] it 3200/8000 l1=0.0182 9.1 it/s eta 9 min
[rt_lite_x2] it 3400/8000 l1=0.0144 9.2 it/s eta 8 min
[rt_lite_x2] it 3600/8000 l1=0.0106 9.2 it/s eta 8 min
[rt_lite_x2] it 3800/8000 l1=0.0165 9.2 it/s eta 8 min
[rt_lite_x2] it 4000/8000 l1=0.0154 9.2 it/s eta 7 min
[rt_lite_x2] VAL it 4000: psnr=32.938 (best, saved)
[rt_lite_x2] it 4200/8000 l1=0.0130 9.2 it/s eta 7 min
[rt_lite_x2] it 4400/8000 l1=0.0140 9.2 it/s eta 7 min
[rt_lite_x2] it 4600/8000 l1=0.0140 9.2 it/s eta 6 min
[rt_lite_x2] it 4800/8000 l1=0.0158 9.2 it/s eta 6 min
[rt_lite_x2] it 5000/8000 l1=0.0218 9.2 it/s eta 5 min
[rt_lite_x2] VAL it 5000: psnr=32.948 (best, saved)
[rt_lite_x2] it 5200/8000 l1=0.0144 9.2 it/s eta 5 min
[rt_lite_x2] it 5400/8000 l1=0.0156 9.2 it/s eta 5 min
[rt_lite_x2] it 5600/8000 l1=0.0149 9.2 it/s eta 4 min
[rt_lite_x2] it 5800/8000 l1=0.0181 9.3 it/s eta 4 min
[rt_lite_x2] it 6000/8000 l1=0.0173 9.3 it/s eta 4 min
[rt_lite_x2] VAL it 6000: psnr=32.951 (best, saved)
[rt_lite_x2] it 6200/8000 l1=0.0129 9.3 it/s eta 3 min
[rt_lite_x2] it 6400/8000 l1=0.0131 9.3 it/s eta 3 min
[rt_lite_x2] it 6600/8000 l1=0.0171 9.3 it/s eta 3 min
[rt_lite_x2] it 6800/8000 l1=0.0218 9.3 it/s eta 2 min
[rt_lite_x2] it 7000/8000 l1=0.0164 9.4 it/s eta 2 min
[rt_lite_x2] VAL it 7000: psnr=32.951 (best, saved)
[rt_lite_x2] it 7200/8000 l1=0.0143 9.4 it/s eta 1 min
[rt_lite_x2] it 7400/8000 l1=0.0152 9.4 it/s eta 1 min
[rt_lite_x2] it 7600/8000 l1=0.0140 9.4 it/s eta 1 min
[rt_lite_x2] it 7800/8000 l1=0.0156 9.4 it/s eta 0 min
[rt_lite_x2] it 8000/8000 l1=0.0162 9.4 it/s eta 0 min
[rt_lite_x2] VAL it 8000: psnr=32.951
[rt_lite_x2] done in 14.2 min -> F:\18_days_18_product\day02_pixelforge\models\rt_lite_x2.pt
ALL_DONE
